// Jest Snapshot v1, https://goo.gl/fbAQLP

exports[`Should test navbar.js Should render navbar component correctly 1`] = `
<nav
  className="navbar"
>
  <a
    href="/home"
    onClick={[Function]}
  >
    Home
  </a>
  <a
    href="/counter"
    onClick={[Function]}
  >
    Counter Task
  </a>
  <a
    href="/weatherapp"
    onClick={[Function]}
  >
    Weather App
  </a>
</nav>
`;
